18:15:06 **** Incremental Build of configuration Debug for project CAN_Test ****
make -j8 all 
arm-none-eabi-gcc "../Core/Src/main.c" -mcpu=cortex-m3 -std=gnu11 -g3 -DDEBUG -DUSE_HAL_DRIVER -DSTM32F103xB -c -I../Core/Inc -I../Drivers/STM32F1xx_HAL_Driver/Inc/Legacy -I../Drivers/STM32F1xx_HAL_Driver/Inc -I../Drivers/CMSIS/Device/ST/STM32F1xx/Include -I../Drivers/CMSIS/Include -I"D:/CANlibrary" -I"D:/CANlibrary" -I../Middlewares/Third_Party/FreeRTOS/Source/include -I../Middlewares/Third_Party/FreeRTOS/Source/CMSIS_RTOS_V2 -I../Middlewares/Third_Party/FreeRTOS/Source/portable/GCC/ARM_CM3 -O0 -ffunction-sections -fdata-sections -Wall -fstack-usage -fcyclomatic-complexity -MMD -MP -MF"Core/Src/main.d" -MT"Core/Src/main.o" --specs=nano.specs -mfloat-abi=soft -mthumb -o "Core/Src/main.o"
arm-none-eabi-gcc "D:/CANlibrary/canframe.c" -mcpu=cortex-m3 -std=gnu11 -g3 -DDEBUG -DUSE_HAL_DRIVER -DSTM32F103xB -c -I../Core/Inc -I../Drivers/STM32F1xx_HAL_Driver/Inc/Legacy -I../Drivers/STM32F1xx_HAL_Driver/Inc -I../Drivers/CMSIS/Device/ST/STM32F1xx/Include -I../Drivers/CMSIS/Include -I"D:/CANlibrary" -I"D:/CANlibrary" -I../Middlewares/Third_Party/FreeRTOS/Source/include -I../Middlewares/Third_Party/FreeRTOS/Source/CMSIS_RTOS_V2 -I../Middlewares/Third_Party/FreeRTOS/Source/portable/GCC/ARM_CM3 -O0 -ffunction-sections -fdata-sections -Wall -fstack-usage -fcyclomatic-complexity -MMD -MP -MF"CANlibrary/canframe.d" -MT"CANlibrary/canframe.o" --specs=nano.specs -mfloat-abi=soft -mthumb -o "CANlibrary/canframe.o"
../Core/Src/main.c: In function 'tMainTask':
../Core/Src/main.c:392:10: warning: implicit declaration of function 'sprintf' [-Wimplicit-function-declaration]
  392 |    len = sprintf((char*)sendData, "From 2 to 1: %d\r\n", cnt++);
      |          ^~~~~~~
../Core/Src/main.c:392:10: warning: incompatible implicit declaration of built-in function 'sprintf'
../Core/Src/main.c:26:1: note: include '<stdio.h>' or provide a declaration of 'sprintf'
   25 | #include "canframe.h"
  +++ |+#include <stdio.h>
   26 | /* USER CODE END Includes */
D:/CANlibrary/canframe.c: In function 'CAN_Send_Dataframe':
D:/CANlibrary/canframe.c:29:12: warning: unused variable 'startTime' [-Wunused-variable]
   29 |   uint32_t startTime = HAL_GetTick();
      |            ^~~~~~~~~
D:/CANlibrary/canframe.c: In function 'CAN_Receive_Dataframe':
D:/CANlibrary/canframe.c:138:3: warning: statement with no effect [-Wunused-value]
  138 |   for (frameLength; frameLength < CAN_MAX_DATA_LENGTH; frameLength++) {
      |   ^~~
D:/CANlibrary/canframe.c:120:14: warning: unused variable 'Message_ID' [-Wunused-variable]
  120 |     uint8_t  Message_ID= (ID_NUM >> 7) & 0x0F;
      |              ^~~~~~~~~~
D:/CANlibrary/canframe.c:119:13: warning: unused variable 'Target_ID' [-Wunused-variable]
  119 |     uint8_t Target_ID = (ID_NUM >> 3) & 0x0F;
      |             ^~~~~~~~~
D:/CANlibrary/canframe.c:147:52: warning: format '%d' expects argument of type 'int', but argument 4 has type 'uint32_t' {aka 'long unsigned int'} [-Wformat=]
  147 |  uint8_t len = sprintf(Print, "Node 2 Rcv: %s len %d \r\n", ReceivedBuffer, ExpectedLength);
      |                                                   ~^                        ~~~~~~~~~~~~~~
      |                                                    |                        |
      |                                                    int                      uint32_t {aka long unsigned int}
      |                                                   %ld
D:/CANlibrary/canframe.c:110:11: warning: unused variable 'isReceive' [-Wunused-variable]
  110 |   uint8_t isReceive= 0;
      |           ^~~~~~~~~
D:/CANlibrary/canframe.c: In function 'CAN_Send_Dataframe':
D:/CANlibrary/canframe.c:81:1: warning: control reaches end of non-void function [-Wreturn-type]
   81 | }
      | ^
D:/CANlibrary/canframe.c: In function 'CAN_Receive_Dataframe':
D:/CANlibrary/canframe.c:150:1: warning: control reaches end of non-void function [-Wreturn-type]
  150 | }
      | ^
D:/CANlibrary/canframe.c: In function 'CAN_RECEIVE_ACK':
D:/CANlibrary/canframe.c:175:1: warning: control reaches end of non-void function [-Wreturn-type]
  175 | }
      | ^
arm-none-eabi-gcc -o "CAN_Test.elf" @"objects.list"   -mcpu=cortex-m3 -T"D:\CAN\CAN_Test\STM32F103C8TX_FLASH.ld" --specs=nosys.specs -Wl,-Map="CAN_Test.map" -Wl,--gc-sections -static --specs=nano.specs -mfloat-abi=soft -mthumb -Wl,--start-group -lc -lm -Wl,--end-group
Finished building target: CAN_Test.elf
 
arm-none-eabi-size   CAN_Test.elf 
arm-none-eabi-objdump -h -S  CAN_Test.elf  > "CAN_Test.list"
   text	   data	    bss	    dec	    hex	filename
  22908	    124	   8188	  31220	   79f4	CAN_Test.elf
Finished building: default.size.stdout
 
Finished building: CAN_Test.list
 

18:15:07 Build Finished. 0 errors, 11 warnings. (took 938ms)

